/home/jorge2/web/jorge2.imaisd.es/public_html/wp-install.php